###############################################################################
#                                                                             #
# IAR ELF Linker V6.30.1.53127/W32 for ARM              19/Jul/2013  23:13:21 #
# Copyright 2007-2011 IAR Systems AB.                                         #
#                                                                             #
#    Output file  =  C:\Users\xiawei\Desktop\mynew\build\adc_demo\Debug\Exe\f #
#                    ire_gpio_demo.out                                        #
#    Map file     =  C:\Users\xiawei\Desktop\mynew\build\adc_demo\Debug\List\ #
#                    fire_gpio_demo.map                                       #
#    Command line =  C:\Users\xiawei\Desktop\mynew\build\adc_demo\Debug\Obj\F #
#                    TM.o C:\Users\xiawei\Desktop\mynew\build\adc_demo\Debug\ #
#                    Obj\LED.o C:\Users\xiawei\Desktop\mynew\build\adc_demo\D #
#                    ebug\Obj\NRF24L0.o C:\Users\xiawei\Desktop\mynew\build\a #
#                    dc_demo\Debug\Obj\PIT.o C:\Users\xiawei\Desktop\mynew\bu #
#                    ild\adc_demo\Debug\Obj\adc.o                             #
#                    C:\Users\xiawei\Desktop\mynew\build\adc_demo\Debug\Obj\a #
#                    lloc.o C:\Users\xiawei\Desktop\mynew\build\adc_demo\Debu #
#                    g\Obj\arm_cm4.o C:\Users\xiawei\Desktop\mynew\build\adc_ #
#                    demo\Debug\Obj\assert.o C:\Users\xiawei\Desktop\mynew\bu #
#                    ild\adc_demo\Debug\Obj\boma_key.o                        #
#                    C:\Users\xiawei\Desktop\mynew\build\adc_demo\Debug\Obj\c #
#                    alculation.o C:\Users\xiawei\Desktop\mynew\build\adc_dem #
#                    o\Debug\Obj\carcontrol.o C:\Users\xiawei\Desktop\mynew\b #
#                    uild\adc_demo\Debug\Obj\crt0.o                           #
#                    C:\Users\xiawei\Desktop\mynew\build\adc_demo\Debug\Obj\d #
#                    elay.o C:\Users\xiawei\Desktop\mynew\build\adc_demo\Debu #
#                    g\Obj\dma.o C:\Users\xiawei\Desktop\mynew\build\adc_demo #
#                    \Debug\Obj\exti.o C:\Users\xiawei\Desktop\mynew\build\ad #
#                    c_demo\Debug\Obj\gpio.o C:\Users\xiawei\Desktop\mynew\bu #
#                    ild\adc_demo\Debug\Obj\io.o                              #
#                    C:\Users\xiawei\Desktop\mynew\build\adc_demo\Debug\Obj\i #
#                    sr.o C:\Users\xiawei\Desktop\mynew\build\adc_demo\Debug\ #
#                    Obj\lptmr.o C:\Users\xiawei\Desktop\mynew\build\adc_demo #
#                    \Debug\Obj\main.o C:\Users\xiawei\Desktop\mynew\build\ad #
#                    c_demo\Debug\Obj\mcg.o C:\Users\xiawei\Desktop\mynew\bui #
#                    ld\adc_demo\Debug\Obj\memtest.o                          #
#                    C:\Users\xiawei\Desktop\mynew\build\adc_demo\Debug\Obj\m #
#                    ma8451.o C:\Users\xiawei\Desktop\mynew\build\adc_demo\De #
#                    bug\Obj\outputdata.o C:\Users\xiawei\Desktop\mynew\build #
#                    \adc_demo\Debug\Obj\printf.o                             #
#                    C:\Users\xiawei\Desktop\mynew\build\adc_demo\Debug\Obj\q #
#                    ueue.o C:\Users\xiawei\Desktop\mynew\build\adc_demo\Debu #
#                    g\Obj\spi.o C:\Users\xiawei\Desktop\mynew\build\adc_demo #
#                    \Debug\Obj\start.o C:\Users\xiawei\Desktop\mynew\build\a #
#                    dc_demo\Debug\Obj\startup.o                              #
#                    C:\Users\xiawei\Desktop\mynew\build\adc_demo\Debug\Obj\s #
#                    tdlib.o C:\Users\xiawei\Desktop\mynew\build\adc_demo\Deb #
#                    ug\Obj\sysinit.o C:\Users\xiawei\Desktop\mynew\build\adc #
#                    _demo\Debug\Obj\uart.o C:\Users\xiawei\Desktop\mynew\bui #
#                    ld\adc_demo\Debug\Obj\uif.o                              #
#                    C:\Users\xiawei\Desktop\mynew\build\adc_demo\Debug\Obj\v #
#                    ectors.o C:\Users\xiawei\Desktop\mynew\build\adc_demo\De #
#                    bug\Obj\wdog.o C:\Users\xiawei\Desktop\mynew\build\adc_d #
#                    emo\Debug\Obj\xw12864.o C:\Users\xiawei\Desktop\mynew\sr #
#                    c\LIB\CMSIS\iar_cortexM4l_math.a -o                      #
#                    C:\Users\xiawei\Desktop\mynew\build\adc_demo\Debug\Exe\f #
#                    ire_gpio_demo.out --map C:\Users\xiawei\Desktop\mynew\bu #
#                    ild\adc_demo\Debug\List\fire_gpio_demo.map --config      #
#                    "C:\Users\xiawei\Desktop\mynew\build\adc_demo\..\config  #
#                    files\fire_ROM_K60N512.icf" --semihosting --entry        #
#                    __iar_program_start --vfe                                #
#                                                                             #
#                                                                             #
###############################################################################

*******************************************************************************
*** RUNTIME MODEL ATTRIBUTES
***

CppFlavor       = *
__SystemLibrary = DLib


*******************************************************************************
*** PLACEMENT SUMMARY
***

"A1":  place at 0x00000000 { ro section .intvec };
"A2":  place at 0x00000410 { ro section .noinit };
"P1":  place in [from 0x00000000 to 0x00040000] { ro, block CodeRelocate };
"P2":  place in [from 0x1fff0410 to 0x20010000] {
          rw, block CodeRelocateRam, block CSTACK, block HEAP };

  Section              Kind        Address    Size  Object
  -------              ----        -------    ----  ------
"A1":                                        0x410
  .intvec              const    0x00000000   0x410  alloc.o [1]
                              - 0x00000410   0x410

"A2":                                         0x3c
  .noinit              ro code  0x00000410    0x3c  crt0.o [1]
                              - 0x0000044c    0x3c

"P1":                                       0x6bcc
  Veneer               ro code  0x0000044c     0x8  - Linker created -
  .text                ro code  0x00000454  0x5888  alloc.o [1]
  .text                ro code  0x00005cdc    0x24  FltCmpLe.o [4]
  .text                ro code  0x00005d00    0x24  FltCmpGe.o [4]
  .text                ro code  0x00005d24    0xd8  FltMul.o [4]
  .text                ro code  0x00005dfc    0x44  FltToS32.o [4]
  .text                ro code  0x00005e40    0x84  FltAdd.o [4]
  .text                ro code  0x00005ec4    0xe6  FltSub.o [4]
  .text                ro code  0x00005faa    0x22  zero_init3.o [5]
  .text                ro code  0x00005fcc    0x2c  I32ToDbl.o [4]
  .text                ro code  0x00005ff8   0x1a2  DblMul.o [4]
  .text                ro code  0x0000619c    0x90  DblToFlt.o [4]
  .text                ro code  0x0000622c    0x4e  FltToDbl.o [4]
  .text                ro code  0x0000627c    0xe8  DblAdd.o [4]
  .text                ro code  0x00006364    0x32  I32ToFlt.o [4]
  .text                ro code  0x00006398   0x246  DblDiv.o [4]
  .text                ro code  0x000065e0    0x56  ABImemcpy.o [5]
  .text                ro code  0x00006638     0x6  ABImemclr4.o [5]
  .text                ro code  0x00006640    0xfc  FltDiv.o [4]
  .text                ro code  0x0000673c    0x1c  FltCmpEq.o [4]
  .text                ro code  0x00006758   0x180  DblSub.o [4]
  .text                ro code  0x000068d8    0x32  ABImemset48.o [5]
  .data_init                    0x0000690c    0x68  <Block>
    Initializer bytes  ro data  0x0000690c    0x68  <for .data-1>
  CodeRelocate                  0x00006974    0x50  <Block>
    Initializer bytes  ro data  0x00006974    0x50  <for CodeRelocateRam-1>
  .rodata              const    0x000069c4    0x4c  alloc.o [1]
  .rodata              const    0x00006a10    0x48  alloc.o [1]
  .rodata              const    0x00006a58    0x40  alloc.o [1]
  .rodata              const    0x00006a98    0x38  alloc.o [1]
  .rodata              const    0x00006ad0    0x38  alloc.o [1]
  .rodata              const    0x00006b08    0x34  alloc.o [1]
  .rodata              const    0x00006b3c    0x34  alloc.o [1]
  .rodata              const    0x00006b70    0x2c  alloc.o [1]
  .text                ro code  0x00006b9c    0x2c  data_init3.o [5]
  .rodata              const    0x00006bc8    0x28  alloc.o [1]
  .rodata              const    0x00006bf0    0x28  alloc.o [1]
  .iar.init_table      const    0x00006c18    0x10  - Linker created -
  .rodata              const    0x00006c28    0x20  alloc.o [1]
  .rodata              const    0x00006c48    0x20  alloc.o [1]
  .rodata              const    0x00006c68    0x20  alloc.o [1]
  .rodata              const    0x00006c88    0x20  alloc.o [1]
  .rodata              const    0x00006ca8    0x20  alloc.o [1]
  .rodata              const    0x00006cc8    0x1c  alloc.o [1]
  .rodata              const    0x00006ce4    0x1c  alloc.o [1]
  .rodata              const    0x00006d00    0x1c  alloc.o [1]
  .rodata              const    0x00006d1c    0x18  alloc.o [1]
  .rodata              const    0x00006d34    0x18  alloc.o [1]
  .rodata              const    0x00006d4c    0x18  alloc.o [1]
  .rodata              const    0x00006d64    0x18  alloc.o [1]
  .rodata              const    0x00006d7c    0x18  alloc.o [1]
  .rodata              const    0x00006d94    0x18  alloc.o [1]
  .rodata              const    0x00006dac    0x18  alloc.o [1]
  .rodata              const    0x00006dc4    0x18  alloc.o [1]
  .text                ro code  0x00006ddc    0x16  cmain.o [5]
  .text                ro code  0x00006df2     0x4  low_level_init.o [3]
  .text                ro code  0x00006df6     0x4  exit.o [3]
  .text                ro code  0x00006dfc     0xa  cexit.o [5]
  .text                ro code  0x00006e08    0x14  exit.o [6]
  .rodata              const    0x00006e1c    0x14  alloc.o [1]
  .rodata              const    0x00006e30    0x14  alloc.o [1]
  .rodata              const    0x00006e44    0x14  alloc.o [1]
  .rodata              const    0x00006e58    0x14  alloc.o [1]
  .rodata              const    0x00006e6c    0x14  alloc.o [1]
  .rodata              const    0x00006e80    0x14  alloc.o [1]
  .rodata              const    0x00006e94    0x14  alloc.o [1]
  .rodata              const    0x00006ea8    0x14  alloc.o [1]
  .rodata              const    0x00006ebc    0x10  alloc.o [1]
  .rodata              const    0x00006ecc    0x10  alloc.o [1]
  .rodata              const    0x00006edc    0x10  alloc.o [1]
  .rodata              const    0x00006eec    0x10  alloc.o [1]
  .rodata              const    0x00006efc    0x10  alloc.o [1]
  .rodata              const    0x00006f0c    0x10  alloc.o [1]
  .rodata              const    0x00006f1c    0x10  alloc.o [1]
  .rodata              const    0x00006f2c    0x10  alloc.o [1]
  .rodata              const    0x00006f3c    0x10  alloc.o [1]
  .rodata              const    0x00006f4c    0x10  alloc.o [1]
  .rodata              const    0x00006f5c    0x10  alloc.o [1]
  .rodata              const    0x00006f6c    0x10  alloc.o [1]
  .rodata              const    0x00006f7c    0x10  alloc.o [1]
  .rodata              const    0x00006f8c    0x10  alloc.o [1]
  .rodata              const    0x00006f9c     0xc  alloc.o [1]
  .rodata              const    0x00006fa8     0xc  alloc.o [1]
  .rodata              const    0x00006fb4     0xc  alloc.o [1]
  .rodata              const    0x00006fc0     0xc  alloc.o [1]
  .text                ro code  0x00006fcc     0xc  cstartup_M.o [5]
  .rodata              const    0x00006fd8     0x8  alloc.o [1]
  .rodata              const    0x00006fe0     0x8  alloc.o [1]
  .rodata              const    0x00006fe8     0x8  alloc.o [1]
  .rodata              const    0x00006ff0     0x8  alloc.o [1]
  .rodata              const    0x00006ff8     0x8  alloc.o [1]
  .rodata              const    0x00007000     0x8  alloc.o [1]
  .rodata              const    0x00007008     0x8  alloc.o [1]
  .rodata              const    0x00007010     0x8  alloc.o [1]
  .rodata              const    0x00007018     0x0  bwt_init3c.o [5]
                              - 0x00007018  0x6bcc

"P2", part 1 of 2:                            0xb8
  .data                         0x1fff0410    0x68  <Block>
    .data-1                     0x1fff0410    0x68  <Init block>
      .data            inited   0x1fff0410     0xc  alloc.o [1]
      .data            inited   0x1fff041c     0x8  alloc.o [1]
      .data            inited   0x1fff0424    0x14  alloc.o [1]
      .data            inited   0x1fff0438    0x14  alloc.o [1]
      .data            inited   0x1fff044c     0x8  alloc.o [1]
      .data            inited   0x1fff0454     0xc  alloc.o [1]
      .data            inited   0x1fff0460    0x18  alloc.o [1]
  CodeRelocateRam               0x1fff0478    0x50  <Block>
    CodeRelocateRam-1           0x1fff0478    0x50  <Init block>
      .textrw          inited   0x1fff0478    0x50  alloc.o [1]
                              - 0x1fff04c8    0xb8

"P2", part 2 of 2:                           0x45a
  .bss                          0x1fff04c8   0x45a  <Block>
    .bss               zero     0x1fff04c8     0x4  alloc.o [1]
    .bss               zero     0x1fff04cc     0x4  alloc.o [1]
    .bss               zero     0x1fff04d0     0x4  alloc.o [1]
    .bss               zero     0x1fff04d4    0x80  alloc.o [1]
    .bss               zero     0x1fff0554     0x4  alloc.o [1]
    .bss               zero     0x1fff0558     0x4  alloc.o [1]
    .bss               zero     0x1fff055c     0x4  alloc.o [1]
    .bss               zero     0x1fff0560     0x4  alloc.o [1]
    .bss               zero     0x1fff0564     0x4  alloc.o [1]
    .bss               zero     0x1fff0568     0x4  alloc.o [1]
    .bss               zero     0x1fff056c     0x4  alloc.o [1]
    .bss               zero     0x1fff0570     0x4  alloc.o [1]
    .bss               zero     0x1fff0574     0x4  alloc.o [1]
    .bss               zero     0x1fff0578     0x4  alloc.o [1]
    .bss               zero     0x1fff057c     0x4  alloc.o [1]
    .bss               zero     0x1fff0580     0x4  alloc.o [1]
    .bss               zero     0x1fff0584     0x4  alloc.o [1]
    .bss               zero     0x1fff0588     0x4  alloc.o [1]
    .bss               zero     0x1fff058c     0x4  alloc.o [1]
    .bss               zero     0x1fff0590     0x4  alloc.o [1]
    .bss               zero     0x1fff0594     0x4  alloc.o [1]
    .bss               zero     0x1fff0598     0x4  alloc.o [1]
    .bss               zero     0x1fff059c     0x4  alloc.o [1]
    .bss               zero     0x1fff05a0     0x4  alloc.o [1]
    .bss               zero     0x1fff05a4     0x4  alloc.o [1]
    .bss               zero     0x1fff05a8     0x4  alloc.o [1]
    .bss               zero     0x1fff05ac     0x4  alloc.o [1]
    .bss               zero     0x1fff05b0     0x4  alloc.o [1]
    .bss               zero     0x1fff05b4     0x4  alloc.o [1]
    .bss               zero     0x1fff05b8     0x4  alloc.o [1]
    .bss               zero     0x1fff05bc     0x4  alloc.o [1]
    .bss               zero     0x1fff05c0     0x4  alloc.o [1]
    .bss               zero     0x1fff05c4     0x4  alloc.o [1]
    .bss               zero     0x1fff05c8     0x4  alloc.o [1]
    .bss               zero     0x1fff05cc     0x4  alloc.o [1]
    .bss               zero     0x1fff05d0     0x4  alloc.o [1]
    .bss               zero     0x1fff05d4     0x4  alloc.o [1]
    .bss               zero     0x1fff05d8     0x4  alloc.o [1]
    .bss               zero     0x1fff05dc     0x4  alloc.o [1]
    .bss               zero     0x1fff05e0     0x4  alloc.o [1]
    .bss               zero     0x1fff05e4   0x258  alloc.o [1]
    .bss               zero     0x1fff083c    0x10  alloc.o [1]
    .bss               zero     0x1fff084c    0x40  alloc.o [1]
    .bss               zero     0x1fff088c     0x4  alloc.o [1]
    .bss               zero     0x1fff0890     0x4  alloc.o [1]
    .bss               zero     0x1fff0894     0x4  alloc.o [1]
    .bss               zero     0x1fff0898     0x4  alloc.o [1]
    .bss               zero     0x1fff089c     0x4  alloc.o [1]
    .bss               zero     0x1fff08a0     0x4  alloc.o [1]
    .bss               zero     0x1fff08a4     0x4  alloc.o [1]
    .bss               zero     0x1fff08a8     0x4  alloc.o [1]
    .bss               zero     0x1fff08ac     0x4  alloc.o [1]
    .bss               zero     0x1fff08b0     0x4  alloc.o [1]
    .bss               zero     0x1fff08b4     0x4  alloc.o [1]
    .bss               zero     0x1fff08b8     0x4  alloc.o [1]
    .bss               zero     0x1fff08bc     0x4  alloc.o [1]
    .bss               zero     0x1fff08c0     0x4  alloc.o [1]
    .bss               zero     0x1fff08c4     0x4  alloc.o [1]
    .bss               zero     0x1fff08c8    0x10  alloc.o [1]
    .bss               zero     0x1fff08d8     0x2  alloc.o [1]
    .bss               zero     0x1fff08da     0x2  alloc.o [1]
    .bss               zero     0x1fff08dc     0x2  alloc.o [1]
    .bss               zero     0x1fff08de     0x2  alloc.o [1]
    .bss               zero     0x1fff08e0     0x2  alloc.o [1]
    .bss               zero     0x1fff08e2     0x2  alloc.o [1]
    .bss               zero     0x1fff08e4     0x2  alloc.o [1]
    .bss               zero     0x1fff08e6     0x2  alloc.o [1]
    .bss               zero     0x1fff08e8     0x2  alloc.o [1]
    .bss               zero     0x1fff08ea     0x2  alloc.o [1]
    .bss               zero     0x1fff08ec     0x2  alloc.o [1]
    .bss               zero     0x1fff08ee     0x2  alloc.o [1]
    .bss               zero     0x1fff08f0     0x2  alloc.o [1]
    .bss               zero     0x1fff08f2     0x2  alloc.o [1]
    .bss               zero     0x1fff08f4     0x2  alloc.o [1]
    .bss               zero     0x1fff08f6     0x2  alloc.o [1]
    .bss               zero     0x1fff08f8     0x2  alloc.o [1]
    .bss               zero     0x1fff08fa     0x2  alloc.o [1]
    .bss               zero     0x1fff08fc     0x1  alloc.o [1]
    .bss               zero     0x1fff08fd     0x1  alloc.o [1]
    .bss               zero     0x1fff08fe     0x1  alloc.o [1]
    .bss               zero     0x1fff08ff     0x1  alloc.o [1]
    .bss               zero     0x1fff0900     0x1  alloc.o [1]
    .bss               zero     0x1fff0901     0x1  alloc.o [1]
    .bss               zero     0x1fff0902     0x1  alloc.o [1]
    .bss               zero     0x1fff0903     0x1  alloc.o [1]
    .bss               zero     0x1fff0904     0x1  alloc.o [1]
    .bss               zero     0x1fff0905     0x1  alloc.o [1]
    .bss               zero     0x1fff0906     0x1  alloc.o [1]
    .bss               zero     0x1fff0907     0x1  alloc.o [1]
    .bss               zero     0x1fff0908     0x1  alloc.o [1]
    .bss               zero     0x1fff0909     0x1  alloc.o [1]
    .bss               zero     0x1fff090a     0x1  alloc.o [1]
    .bss               zero     0x1fff090b     0x1  alloc.o [1]
    .bss               zero     0x1fff090c     0x1  alloc.o [1]
    .bss               zero     0x1fff090d     0x1  alloc.o [1]
    .bss               zero     0x1fff090e     0x1  alloc.o [1]
    .bss               zero     0x1fff090f     0x1  alloc.o [1]
    .bss               zero     0x1fff0910     0x1  alloc.o [1]
    .bss               zero     0x1fff0911     0x1  alloc.o [1]
    .bss               zero     0x1fff0912     0x1  alloc.o [1]
    .bss               zero     0x1fff0913     0x1  alloc.o [1]
    .bss               zero     0x1fff0914     0x1  alloc.o [1]
    .bss               zero     0x1fff0915     0x1  alloc.o [1]
    .bss               zero     0x1fff0916     0x1  alloc.o [1]
    .bss               zero     0x1fff0917     0x1  alloc.o [1]
    .bss               zero     0x1fff0918     0x1  alloc.o [1]
    .bss               zero     0x1fff0919     0x1  alloc.o [1]
    .bss               zero     0x1fff091a     0x1  alloc.o [1]
    .bss               zero     0x1fff091b     0x1  alloc.o [1]
    .bss               zero     0x1fff091c     0x1  alloc.o [1]
    .bss               zero     0x1fff091d     0x1  alloc.o [1]
    .bss               zero     0x1fff091e     0x1  alloc.o [1]
    .bss               zero     0x1fff091f     0x1  alloc.o [1]
    .bss               zero     0x1fff0920     0x1  alloc.o [1]
    .bss               zero     0x1fff0921     0x1  alloc.o [1]
                              - 0x1fff0922   0x45a


*******************************************************************************
*** INIT TABLE
***

          Address     Size
          -------     ----
Zero (__iar_zero_init3)
    1 destination range, total size 0x45a:
          0x1fff04c8  0x45a



*******************************************************************************
*** MODULE SUMMARY
***

    Module            ro code  rw code  ro data  rw data
    ------            -------  -------  -------  -------
C:\Users\xiawei\Desktop\mynew\build\adc_demo\Debug\Obj: [1]
    alloc.o            22 664       80    2 708    1 218
    crt0.o                 60
    ----------------------------------------------------
    Total:             22 724       80    2 708    1 218

command line: [2]
    ----------------------------------------------------
    Total:

dl7M_tln.a: [3]
    exit.o                  4
    low_level_init.o        4
    ----------------------------------------------------
    Total:                  8

m7M_tl.a: [4]
    DblAdd.o              232
    DblDiv.o              582
    DblMul.o              418
    DblSub.o              384
    DblToFlt.o            144
    FltAdd.o              132
    FltCmpEq.o             28
    FltCmpGe.o             36
    FltCmpLe.o             36
    FltDiv.o              252
    FltMul.o              216
    FltSub.o              230
    FltToDbl.o             78
    FltToS32.o             68
    I32ToDbl.o             44
    I32ToFlt.o             50
    ----------------------------------------------------
    Total:              2 930

rt7M_tl.a: [5]
    ABImemclr4.o            6
    ABImemcpy.o            86
    ABImemset48.o          50
    bwt_init3c.o
    cexit.o                10
    cmain.o                22
    cstartup_M.o           12
    data_init3.o           44
    zero_init3.o           34
    ----------------------------------------------------
    Total:                264

shb_l.a: [6]
    exit.o                 20
    ----------------------------------------------------
    Total:                 20

    Gaps                   16                          2
    Linker created          8                16
--------------------------------------------------------
    Grand Total:       25 970       80    2 724    1 220


*******************************************************************************
*** ENTRY LIST
***

Entry                      Address   Size  Type      Object
-----                      -------   ----  ----      ------
.bss$$Base              0x1fff04c8          --   Gb  - Linker created -
.bss$$Limit             0x1fff0922          --   Gb  - Linker created -
.data$$Base             0x1fff0410          --   Gb  - Linker created -
.data$$Limit            0x1fff0478          --   Gb  - Linker created -
.data_init$$Base        0x0000690c          --   Gb  - Linker created -
.data_init$$Limit       0x00006974          --   Gb  - Linker created -
?main                   0x00006ddd         Code  Gb  cmain.o [5]
ADCx                    0x1fff041c    0x8  Data  Gb  alloc.o [1]
ASSERT_FAILED_STR       0x000069c4   0x4c  Data  Gb  alloc.o [1]
AngleControl            0x00004191  0x29c  Code  Gb  alloc.o [1]
AngleControlD           0x1fff05a8    0x4  Data  Gb  alloc.o [1]
AngleControlP           0x1fff05a4    0x4  Data  Gb  alloc.o [1]
CCD1_init               0x00001067   0x24  Code  Gb  alloc.o [1]
CCD50total              0x1fff0554    0x4  Data  Gb  alloc.o [1]
CCD_Add_count           0x1fff091a    0x1  Data  Gb  alloc.o [1]
CCD_C_Can_flag          0x1fff0901    0x1  Data  Gb  alloc.o [1]
CCD_Control             0x00004551  0xd64  Code  Gb  alloc.o [1]
CCD_ControlOutput       0x000052c1   0x44  Code  Gb  alloc.o [1]
CCD_Cstart_flag         0x1fff0910    0x1  Data  Gb  alloc.o [1]
CCD_Err                 0x1fff05c0    0x4  Data  Gb  alloc.o [1]
CCD_Err_Dif             0x1fff05c8    0x4  Data  Gb  alloc.o [1]
CCD_Err_pre             0x1fff05c4    0x4  Data  Gb  alloc.o [1]
CCD_GateValve           0x1fff08e8    0x2  Data  Gb  alloc.o [1]
CCD_GateValve_pre       0x1fff08ea    0x2  Data  Gb  alloc.o [1]
CCD_Gate_Vir            0x1fff08ec    0x2  Data  Gb  alloc.o [1]
CCD_NRF_flag            0x1fff0903    0x1  Data  Gb  alloc.o [1]
CCD_Out_flag            0x1fff090f    0x1  Data  Gb  alloc.o [1]
CCD_c_Ga_flag           0x1fff0919    0x1  Data  Gb  alloc.o [1]
CCD_count_start         0x1fff0902    0x1  Data  Gb  alloc.o [1]
CCD_count_start_flag    0x1fff091b    0x1  Data  Gb  alloc.o [1]
CCD_err_Integral        0x1fff05cc    0x4  Data  Gb  alloc.o [1]
CCD_shi                 0x1fff05d8    0x4  Data  Gb  alloc.o [1]
CCDtotal                0x1fff08da    0x2  Data  Gb  alloc.o [1]
CRC_CHECK               0x00005411   0x4a  Code  Gb  alloc.o [1]
CalculateIntegrationTime
                        0x00001205  0x17e  Code  Gb  alloc.o [1]
Can_Stop_flag           0x1fff0918    0x1  Data  Gb  alloc.o [1]
CarSpeed_data           0x1fff08dc    0x2  Data  Gb  alloc.o [1]
CarSubInit              0x00003535  0x210  Code  Gb  alloc.o [1]
Car_DeadVoltage         0x1fff0558    0x4  Data  Gb  alloc.o [1]
Car_Middle_site         0x1fff05bc    0x4  Data  Gb  alloc.o [1]
Car_Stop                0x00005351   0x5c  Code  Gb  alloc.o [1]
CodeRelocate$$Base      0x00006974          --   Gb  - Linker created -
CodeRelocate$$Limit     0x000069c4          --   Gb  - Linker created -
CodeRelocateRam$$Base   0x1fff0478          --   Gb  - Linker created -
CodeRelocateRam$$Limit  0x1fff04c8          --   Gb  - Linker created -
Corss_deal_Flag         0x1fff090e    0x1  Data  Gb  alloc.o [1]
Corss_last_flag         0x1fff091c    0x1  Data  Gb  alloc.o [1]
DMA_count_Init          0x00002581  0x21c  Code  Gb  alloc.o [1]
DMA_count_get           0x0000279d   0x1e  Code  Gb  alloc.o [1]
DMA_count_reset         0x000027bb   0x1a  Code  Gb  alloc.o [1]
Dir_AD                  0x1fff08ee    0x2  Data  Gb  alloc.o [1]
Dir_mControl_D          0x1fff05b4    0x4  Data  Gb  alloc.o [1]
Dir_mControl_I          0x1fff05b0    0x4  Data  Gb  alloc.o [1]
Dir_mControl_P          0x1fff05ac    0x4  Data  Gb  alloc.o [1]
Discuss_Init            0x000034b1   0x78  Code  Gb  alloc.o [1]
FTM_PWM_Duty            0x00001801   0x76  Code  Gb  alloc.o [1]
FTM_PWM_init            0x00001443  0x3aa  Code  Gb  alloc.o [1]
FTMx                    0x1fff0410    0xc  Data  Gb  alloc.o [1]
GPIOx                   0x1fff0424   0x14  Data  Gb  alloc.o [1]
GYROSCOPE1_OFFSET_Check
                        0x000019ef   0x60  Code  Gb  alloc.o [1]
GetMotorPulse           0x00003803   0x60  Code  Gb  alloc.o [1]
Get_ad1_Offset          0x0000226b   0x72  Code  Gb  alloc.o [1]
Get_mma8451_z           0x00002fe3   0x7c  Code  Gb  alloc.o [1]
IIC_start               0x00002cf7   0x60  Code  Gb  alloc.o [1]
IIC_stop                0x00002d59   0x64  Code  Gb  alloc.o [1]
IO_Init                 0x00002cb9   0x2a  Code  Gb  alloc.o [1]
ImageCCD_flag           0x1fff0904    0x1  Data  Gb  alloc.o [1]
ImageCapture            0x00001139   0xcc  Code  Gb  alloc.o [1]
IntegrationTime         0x1fff08fd    0x1  Data  Gb  alloc.o [1]
Kalman_Filter           0x00003f5d  0x212  Code  Gb  alloc.o [1]
LED_init                0x0000192d   0x34  Code  Gb  alloc.o [1]
Led_Indicate            0x00001961   0x8e  Code  Gb  alloc.o [1]
LeftRight_distance      0x1fff05d0    0x4  Data  Gb  alloc.o [1]
Left_site               0x1fff090c    0x1  Data  Gb  alloc.o [1]
Line_Middle_site        0x1fff05b8    0x4  Data  Gb  alloc.o [1]
LittleS_flag            0x1fff0917    0x1  Data  Gb  alloc.o [1]
MMA845_init             0x00002f9d   0x44  Code  Gb  alloc.o [1]
MMA845x_readch          0x00002f45   0x32  Code  Gb  alloc.o [1]
MMA845x_writecha        0x00002f77   0x26  Code  Gb  alloc.o [1]
Master_Adc_Config       0x1fff083c   0x10  Data  Gb  alloc.o [1]
MotorOutput             0x00003a6d   0x94  Code  Gb  alloc.o [1]
MotorSpeedOut           0x00003991   0xc8  Code  Gb  alloc.o [1]
NRF_Handler             0x00001cbd   0x22  Code  Gb  alloc.o [1]
OutData                 0x1fff08c8   0x10  Data  Gb  alloc.o [1]
OutPut_Data             0x0000545b   0xdc  Code  Gb  alloc.o [1]
PIT0_IRQHandler         0x00005669  0x3a0  Code  Gb  alloc.o [1]
PIT1_IRQHandler         0x00005a09   0x18  Code  Gb  alloc.o [1]
PIT2_IRQHandler         0x00005a21   0x3c  Code  Gb  alloc.o [1]
PORTE_IRQHandler        0x00005a5d   0x1c  Code  Gb  alloc.o [1]
PORTX                   0x1fff0438   0x14  Data  Gb  alloc.o [1]
Pixel                   0x1fff04d4   0x80  Data  Gb  alloc.o [1]
PixelAverage            0x00001383   0x2c  Code  Gb  alloc.o [1]
PixelAverageValue       0x1fff08d8    0x2  Data  Gb  alloc.o [1]
RX_ISR_FIFO             0x1fff05e4  0x258  Data  Gb  alloc.o [1]
R_angle                 0x1fff0598    0x4  Data  Gb  alloc.o [1]
Region$$Table$$Base     0x00006c18          --   Gb  - Linker created -
Region$$Table$$Limit    0x00006c28          --   Gb  - Linker created -
Reset_Handler           0x00000411         Code  Gb  crt0.o [1]
Right_site              0x1fff090d    0x1  Data  Gb  alloc.o [1]
Roadb_DownSpe           0x1fff090b    0x1  Data  Gb  alloc.o [1]
Roadblock_Intime_flag   0x1fff0915    0x1  Data  Gb  alloc.o [1]
Roadblock_count         0x1fff0913    0x1  Data  Gb  alloc.o [1]
Roadblock_flag          0x1fff0912    0x1  Data  Gb  alloc.o [1]
Roadblock_key           0x1fff0914    0x1  Data  Gb  alloc.o [1]
SPIN                    0x1fff0454    0xc  Data  Gb  alloc.o [1]
SamplingDelay           0x0000143d    0x6  Code  Gb  alloc.o [1]
SetMotorVoltage         0x00003863  0x126  Code  Gb  alloc.o [1]
SpeedControl            0x00003b4d  0x28a  Code  Gb  alloc.o [1]
SpeedControlD           0x1fff0570    0x4  Data  Gb  alloc.o [1]
SpeedControlI           0x1fff056c    0x4  Data  Gb  alloc.o [1]
SpeedControlOutput      0x00003e05   0x3e  Code  Gb  alloc.o [1]
SpeedControlP           0x1fff0568    0x4  Data  Gb  alloc.o [1]
Speed_Add_Value         0x1fff0560    0x4  Data  Gb  alloc.o [1]
Speed_Out_flag          0x1fff090a    0x1  Data  Gb  alloc.o [1]
Speed_add_init          0x00003749   0xba  Code  Gb  alloc.o [1]
SpeederrD               0x1fff057c    0x4  Data  Gb  alloc.o [1]
Speederr_new            0x1fff0574    0x4  Data  Gb  alloc.o [1]
Speederr_pre            0x1fff0578    0x4  Data  Gb  alloc.o [1]
Stand_Check             0x000053c1   0x2a  Code  Gb  alloc.o [1]
StartIntegration        0x0000108b   0xae  Code  Gb  alloc.o [1]
Started_encoder         0x1fff08f0    0x2  Data  Gb  alloc.o [1]
Stop_encoder            0x1fff08f2    0x2  Data  Gb  alloc.o [1]
Stop_flag               0x1fff0911    0x1  Data  Gb  alloc.o [1]
TimerCnt36ms            0x1fff08ff    0x1  Data  Gb  alloc.o [1]
TimerCnt5ms             0x1fff08fe    0x1  Data  Gb  alloc.o [1]
UARTx                   0x1fff0460   0x18  Data  Gb  alloc.o [1]
VOLTAGE_GRAVITY         0x1fff08e0    0x2  Data  Gb  alloc.o [1]
VOLTAGE_GYRO            0x1fff08e2    0x2  Data  Gb  alloc.o [1]
__BOOT_STACK_ADDRESS {Abs}
                        0x2000fff8          --   Gb  command line/config [2]
__VECTOR_RAM {Abs}      0x1fff0000          --   Gb  command line/config [2]
__VECTOR_TABLE {Abs}    0x00000000          --   Gb  command line/config [2]
__aeabi_cfcmpeq         0x0000673d         Code  Gb  FltCmpEq.o [4]
__aeabi_cfcmple         0x00005cdd         Code  Gb  FltCmpLe.o [4]
__aeabi_cfrcmple        0x00005d01         Code  Gb  FltCmpGe.o [4]
__aeabi_d2f             0x0000619d         Code  Gb  DblToFlt.o [4]
__aeabi_dadd            0x0000627d         Code  Gb  DblAdd.o [4]
__aeabi_ddiv            0x00006399         Code  Gb  DblDiv.o [4]
__aeabi_dmul            0x00005ff9         Code  Gb  DblMul.o [4]
__aeabi_dsub            0x00006759         Code  Gb  DblSub.o [4]
__aeabi_f2d             0x0000622d         Code  Gb  FltToDbl.o [4]
__aeabi_f2iz            0x00005dfd         Code  Gb  FltToS32.o [4]
__aeabi_fadd            0x00005e41         Code  Gb  FltAdd.o [4]
__aeabi_fdiv            0x00006641         Code  Gb  FltDiv.o [4]
__aeabi_fmul            0x00005d25         Code  Gb  FltMul.o [4]
__aeabi_fsub            0x00005ec5         Code  Gb  FltSub.o [4]
__aeabi_i2d             0x00005fcd         Code  Gb  I32ToDbl.o [4]
__aeabi_i2f             0x00006365         Code  Gb  I32ToFlt.o [4]
__aeabi_memclr4         0x00006639         Code  Gb  ABImemclr4.o [5]
__aeabi_memcpy4         0x000065e1         Code  Gb  ABImemcpy.o [5]
__aeabi_memcpy8         0x000065e1         Code  Gb  ABImemcpy.o [5]
__aeabi_ui2f            0x00006379         Code  Gb  I32ToFlt.o [4]
__cmain                 0x00006ddd         Code  Gb  cmain.o [5]
__code_start__ {Abs}    0x00000410          --   Gb  command line/config [2]
__exit                  0x00006e09   0x14  Code  Gb  exit.o [6]
__iar_Memset4_word      0x000068d9         Code  Gb  ABImemset48.o [5]
__iar_Memset8_word      0x000068d9         Code  Gb  ABImemset48.o [5]
__iar_SB                0x00007018         Data  Gb  bwt_init3c.o [5]
__iar_dadd              0x00006291         Code  Gb  DblAdd.o [4]
__iar_data_init3        0x00006b9d   0x2c  Code  Gb  data_init3.o [5]
__iar_dsub              0x0000676d         Code  Gb  DblSub.o [4]
__iar_dsubStart         0x0000677f         Code  Gb  DblSub.o [4]
__iar_fadd              0x00005e51         Code  Gb  FltAdd.o [4]
__iar_fsub              0x00005ed5         Code  Gb  FltSub.o [4]
__iar_fsubStart         0x00005ee5         Code  Gb  FltSub.o [4]
__iar_program_start     0x00006fcd         Code  Gb  cstartup_M.o [5]
__iar_ui2d              0x00005fe1         Code  Gb  I32ToDbl.o [4]
__iar_ui2f              0x0000637d         Code  Gb  I32ToFlt.o [4]
__iar_zero_init3        0x00005fab   0x22  Code  Gb  zero_init3.o [5]
__low_level_init        0x00006df3    0x4  Code  Gb  low_level_init.o [3]
__vector_table          0x00000000  0x410  Data  Gb  alloc.o [1]
_call_main              0x00006de9         Code  Gb  cmain.o [5]
_exit                   0x00006dfd         Code  Gb  cexit.o [5]
_main                   0x00006def         Code  Gb  cmain.o [5]
ad1_XW_ave              0x00002249   0x22  Code  Gb  alloc.o [1]
ad_mid                  0x00002199   0xa4  Code  Gb  alloc.o [1]
ad_once                 0x00002081   0x88  Code  Gb  alloc.o [1]
ad_xwonce               0x00002109   0x88  Code  Gb  alloc.o [1]
adc_init                0x00001e39  0x244  Code  Gb  alloc.o [1]
adc_start               0x000022ed   0x56  Code  Gb  alloc.o [1]
adc_xwstart             0x00002343   0x5e  Code  Gb  alloc.o [1]
angle_m                 0x1fff0594    0x4  Data  Gb  alloc.o [1]
angle_ratio             0x1fff0580    0x4  Data  Gb  alloc.o [1]
assert_failed           0x00000455   0x20  Code  Gb  alloc.o [1]
boma_key_init           0x000023c7   0x34  Code  Gb  alloc.o [1]
bus_clk_khz             0x1fff04d0    0x4  Data  Gb  alloc.o [1]
common_startup          0x000009df   0xb2  Code  Gb  alloc.o [1]
core_clk_khz            0x1fff04c8    0x4  Data  Gb  alloc.o [1]
core_clk_mhz            0x1fff04cc    0x4  Data  Gb  alloc.o [1]
count_init              0x1fff084c   0x40  Data  Gb  alloc.o [1]
cpu_identify            0x00000cbd  0x260  Code  Gb  alloc.o [1]
debug_boma_key          0x000023fb  0x13c  Code  Gb  alloc.o [1]
default_isr             0x00001065    0x2  Code  Gb  alloc.o [1]
delay                   0x00002539    0xc  Code  Gb  alloc.o [1]
delayms                 0x00002545   0x20  Code  Gb  alloc.o [1]
enable_irq              0x00000ac1   0xa2  Code  Gb  alloc.o [1]
exit                    0x00006df7    0x4  Code  Gb  exit.o [3]
flash_identify          0x00000f1d   0xf0  Code  Gb  alloc.o [1]
fleft_Correction        0x1fff05d4    0x4  Data  Gb  alloc.o [1]
front                   0x1fff091f    0x1  Data  Gb  alloc.o [1]
g_Gravity_offset        0x1fff08de    0x2  Data  Gb  alloc.o [1]
g_fAngleControlOut      0x1fff0894    0x4  Data  Gb  alloc.o [1]
g_fCarAngle             0x1fff0584    0x4  Data  Gb  alloc.o [1]
g_fCarSpeed             0x1fff08a0    0x4  Data  Gb  alloc.o [1]
g_fCarSpeedSet          0x1fff08a4    0x4  Data  Gb  alloc.o [1]
g_fCarSpeed_defult      0x1fff055c    0x4  Data  Gb  alloc.o [1]
g_fDir_OutValue         0x1fff08bc    0x4  Data  Gb  alloc.o [1]
g_fDirectionControlOut  0x1fff089c    0x4  Data  Gb  alloc.o [1]
g_fDirectionControlOutNew
                        0x1fff08b8    0x4  Data  Gb  alloc.o [1]
g_fDirectionControlOutOld
                        0x1fff08b4    0x4  Data  Gb  alloc.o [1]
g_fGravityAngle         0x1fff0588    0x4  Data  Gb  alloc.o [1]
g_fGyroscopeAngleIntegral
                        0x1fff0590    0x4  Data  Gb  alloc.o [1]
g_fGyroscopeAngleSpeed  0x1fff058c    0x4  Data  Gb  alloc.o [1]
g_fLeftMotorOut         0x1fff088c    0x4  Data  Gb  alloc.o [1]
g_fRightMotorOut        0x1fff0890    0x4  Data  Gb  alloc.o [1]
g_fSpeedControlIntegral
                        0x1fff08a8    0x4  Data  Gb  alloc.o [1]
g_fSpeedControlOut      0x1fff0898    0x4  Data  Gb  alloc.o [1]
g_fSpeedControlOutNew   0x1fff08b0    0x4  Data  Gb  alloc.o [1]
g_fSpeedControlOutOld   0x1fff08ac    0x4  Data  Gb  alloc.o [1]
g_fSpeed_OutValue       0x1fff0564    0x4  Data  Gb  alloc.o [1]
g_n1MSEventCount        0x1fff0908    0x1  Data  Gb  alloc.o [1]
g_nDirectionControlCount
                        0x1fff08c0    0x4  Data  Gb  alloc.o [1]
g_nDirectionControlPeriod
                        0x1fff08c4    0x4  Data  Gb  alloc.o [1]
g_nLeftMotorPulseSigma  0x1fff08f4    0x2  Data  Gb  alloc.o [1]
g_nRightMotorPulseSigma
                        0x1fff08f6    0x2  Data  Gb  alloc.o [1]
g_nSpeedControlCount    0x1fff08f8    0x2  Data  Gb  alloc.o [1]
g_nSpeedControlPeriod   0x1fff08fa    0x2  Data  Gb  alloc.o [1]
g_s16GYROSCOPE1_OFFSET  0x1fff08e4    0x2  Data  Gb  alloc.o [1]
g_s16GYRO_DirOFFSET     0x1fff08e6    0x2  Data  Gb  alloc.o [1]
gpio_init               0x000027dd   0xbc  Code  Gb  alloc.o [1]
gpio_turn               0x00002899   0x32  Code  Gb  alloc.o [1]
gu8_StarttimeCount      0x1fff0907    0x1  Data  Gb  alloc.o [1]
gyro_m                  0x1fff059c    0x4  Data  Gb  alloc.o [1]
iicdelay                0x00002ce5   0x12  Code  Gb  alloc.o [1]
integration_piont       0x1fff0900    0x1  Data  Gb  alloc.o [1]
isr_L                   0x1fff05e0    0x4  Data  Gb  alloc.o [1]
isr_addr                0x1fff05dc    0x4  Data  Gb  alloc.o [1]
isr_state               0x1fff091e    0x1  Data  Gb  alloc.o [1]
main                    0x00005a79  0x19c  Code  Gb  alloc.o [1]
mcg_div                 0x1fff044c    0x8  Data  Gb  alloc.o [1]
nrf_mode                0x1fff091d    0x1  Data  Gb  alloc.o [1]
out_char                0x00000475   0x10  Code  Gb  alloc.o [1]
pit_init                0x00001db9   0x74  Code  Gb  alloc.o [1]
pll_init                0x00002945  0x36c  Code  Gb  alloc.o [1]
printf                  0x000009b7   0x28  Code  Gb  alloc.o [1]
printk                  0x000005ad  0x40a  Code  Gb  alloc.o [1]
q_bias                  0x1fff05a0    0x4  Data  Gb  alloc.o [1]
re_flag                 0x1fff0921    0x1  Data  Gb  alloc.o [1]
read_ch                 0x00002e91   0xa8  Code  Gb  alloc.o [1]
rear                    0x1fff0920    0x1  Data  Gb  alloc.o [1]
send_ch                 0x00002dd5   0xb4  Code  Gb  alloc.o [1]
send_data_cnt           0x1fff08fc    0x1  Data  Gb  alloc.o [1]
set_sys_dividers        0x1fff0479   0x50  Code  Gb  alloc.o [1]
slope_flag              0x1fff0905    0x1  Data  Gb  alloc.o [1]
slope_key               0x1fff0906    0x1  Data  Gb  alloc.o [1]
spi_WR                  0x00003153   0xea  Code  Gb  alloc.o [1]
spi_send                0x00003069   0xea  Code  Gb  alloc.o [1]
start                   0x00000b65  0x12a  Code  Gb  alloc.o [1]
start_time_flag         0x1fff0909    0x1  Data  Gb  alloc.o [1]
strlen                  0x00000a99   0x20  Code  Gb  alloc.o [1]
sysinit                 0x0000100d   0x58  Code  Gb  alloc.o [1]
time_delay_ms           0x000028cb   0x42  Code  Gb  alloc.o [1]
uart_init               0x0000324d  0x1e6  Code  Gb  alloc.o [1]
uart_putchar            0x00003441   0x1e  Code  Gb  alloc.o [1]
way_flag                0x1fff0916    0x1  Data  Gb  alloc.o [1]
wdog_disable            0x0000346d   0x1a  Code  Gb  alloc.o [1]
wdog_unlock             0x00003491   0x1a  Code  Gb  alloc.o [1]
write_vtor              0x00000ab9    0x8  Code  Gb  alloc.o [1]


[1] = C:\Users\xiawei\Desktop\mynew\build\adc_demo\Debug\Obj
[2] = command line
[3] = dl7M_tln.a
[4] = m7M_tl.a
[5] = rt7M_tl.a
[6] = shb_l.a

  25 970 bytes of readonly  code memory
      80 bytes of readwrite code memory
   2 724 bytes of readonly  data memory
   1 220 bytes of readwrite data memory

Errors: none
Warnings: none
